// Jest Snapshot v1, https://goo.gl/fbAQLP

exports[`Tests CounterApp component should show CounterApp correctly 1`] = `
<Fragment>
  <h1>
     Counter App 
  </h1>
  <p>
     
    0
     
  </p>
  <button
    onClick={[Function]}
  >
    +1
  </button>
  <button
    onClick={[Function]}
  >
    -1
  </button>
  <button
    onClick={[Function]}
  >
    Reset
  </button>
</Fragment>
`;
